[    0.000000] Linux version 4.15.0-144-generic (buildd@lgw01-amd64-031) (gcc version 7.5.0 (Ubuntu 7.5.0-3ubuntu1~18.04)) #148-Ubuntu SMP Sat May 8 02:33:43 UTC 2021 (Ubuntu 4.15.0-144.148-generic 4.15.18)
[    0.000000] Command line: BOOT_IMAGE=/boot/vmlinuz-4.15.0-144-generic root=LABEL=cloudimg-rootfs ro console=tty1 console=ttyS0
[    0.000000] KERNEL supported cpus:
[    0.000000]   Intel GenuineIntel
[    0.000000]   AMD AuthenticAMD
[    0.000000]   Centaur CentaurHauls
[    0.000000] x86/fpu: x87 FPU will use FXSAVE
[    0.000000] e820: BIOS-provided physical RAM map:
[    0.000000] BIOS-e820: [mem 0x0000000000000000-0x000000000009fbff] usable
[    0.000000] BIOS-e820: [mem 0x000000000009fc00-0x000000000009ffff] reserved
[    0.000000] BIOS-e820: [mem 0x00000000000f0000-0x00000000000fffff] reserved
[    0.000000] BIOS-e820: [mem 0x0000000000100000-0x000000003ffeffff] usable
[    0.000000] BIOS-e820: [mem 0x000000003fff0000-0x000000003fffffff] ACPI data
[    0.000000] BIOS-e820: [mem 0x00000000fec00000-0x00000000fec00fff] reserved
[    0.000000] BIOS-e820: [mem 0x00000000fee00000-0x00000000fee00fff] reserved
[    0.000000] BIOS-e820: [mem 0x00000000fffc0000-0x00000000ffffffff] reserved
[    0.000000] NX (Execute Disable) protection: active
[    0.000000] SMBIOS 2.5 present.
[    0.000000] DMI: innotek GmbH VirtualBox/VirtualBox, BIOS VirtualBox 12/01/2006
[    0.000000] Hypervisor detected: KVM
[    0.000000] e820: last_pfn = 0x3fff0 max_arch_pfn = 0x400000000
[    0.000000] MTRR: Disabled
[    0.000000] x86/PAT: MTRRs disabled, skipping PAT initialization too.
[    0.000000] CPU MTRRs all blank - virtualized system.
[    0.000000] x86/PAT: Configuration [0-7]: WB  WT  UC- UC  WB  WT  UC- UC  
[    0.000000] found SMP MP-table at [mem 0x0009fff0-0x0009ffff]
[    0.000000] Scanning 1 areas for low memory corruption
[    0.000000] RAMDISK: [mem 0x359d1000-0x36cdffff]
[    0.000000] ACPI: Early table checksum verification disabled
[    0.000000] ACPI: RSDP 0x00000000000E0000 000024 (v02 VBOX  )
[    0.000000] ACPI: XSDT 0x000000003FFF0030 00003C (v01 VBOX   VBOXXSDT 00000001 ASL  00000061)
[    0.000000] ACPI: FACP 0x000000003FFF00F0 0000F4 (v04 VBOX   VBOXFACP 00000001 ASL  00000061)
[    0.000000] ACPI: DSDT 0x000000003FFF0470 002325 (v02 VBOX   VBOXBIOS 00000002 INTL 20100528)
[    0.000000] ACPI: FACS 0x000000003FFF0200 000040
[    0.000000] ACPI: FACS 0x000000003FFF0200 000040
[    0.000000] ACPI: APIC 0x000000003FFF0240 00005C (v02 VBOX   VBOXAPIC 00000001 ASL  00000061)
[    0.000000] ACPI: SSDT 0x000000003FFF02A0 0001CC (v01 VBOX   VBOXCPUT 00000002 INTL 20100528)
[    0.000000] No NUMA configuration found
[    0.000000] Faking a node at [mem 0x0000000000000000-0x000000003ffeffff]
[    0.000000] NODE_DATA(0) allocated [mem 0x3ffc5000-0x3ffeffff]
[    0.000000] kvm-clock: cpu 0, msr 0:3ff44001, primary cpu clock
[    0.000000] kvm-clock: Using msrs 4b564d01 and 4b564d00
[    0.000000] kvm-clock: using sched offset of 7026053997 cycles
[    0.000000] clocksource: kvm-clock: mask: 0xffffffffffffffff max_cycles: 0x1cd42e4dffb, max_idle_ns: 881590591483 ns
[    0.000000] Zone ranges:
[    0.000000]   DMA      [mem 0x0000000000001000-0x0000000000ffffff]
[    0.000000]   DMA32    [mem 0x0000000001000000-0x000000003ffeffff]
[    0.000000]   Normal   empty
[    0.000000]   Device   empty
[    0.000000] Movable zone start for each node
[    0.000000] Early memory node ranges
[    0.000000]   node   0: [mem 0x0000000000001000-0x000000000009efff]
[    0.000000]   node   0: [mem 0x0000000000100000-0x000000003ffeffff]
[    0.000000] Reserved but unavailable: 98 pages
[    0.000000] Initmem setup node 0 [mem 0x0000000000001000-0x000000003ffeffff]
[    0.000000] ACPI: PM-Timer IO Port: 0x4008
[    0.000000] IOAPIC[0]: apic_id 2, version 32, address 0xfec00000, GSI 0-23
[    0.000000] ACPI: INT_SRC_OVR (bus 0 bus_irq 0 global_irq 2 dfl dfl)
[    0.000000] ACPI: INT_SRC_OVR (bus 0 bus_irq 9 global_irq 9 low level)
[    0.000000] Using ACPI (MADT) for SMP configuration information
[    0.000000] smpboot: Allowing 2 CPUs, 0 hotplug CPUs
[    0.000000] PM: Registered nosave memory: [mem 0x00000000-0x00000fff]
[    0.000000] PM: Registered nosave memory: [mem 0x0009f000-0x0009ffff]
[    0.000000] PM: Registered nosave memory: [mem 0x000a0000-0x000effff]
[    0.000000] PM: Registered nosave memory: [mem 0x000f0000-0x000fffff]
[    0.000000] e820: [mem 0x40000000-0xfebfffff] available for PCI devices
[    0.000000] Booting paravirtualized kernel on KVM
[    0.000000] clocksource: refined-jiffies: mask: 0xffffffff max_cycles: 0xffffffff, max_idle_ns: 7645519600211568 ns
[    0.000000] random: get_random_bytes called from start_kernel+0x99/0x500 with crng_init=0
[    0.000000] setup_percpu: NR_CPUS:8192 nr_cpumask_bits:2 nr_cpu_ids:2 nr_node_ids:1
[    0.000000] percpu: Embedded 45 pages/cpu s147456 r8192 d28672 u1048576
[    0.000000] PV qspinlock hash table entries: 256 (order: 0, 4096 bytes)
[    0.000000] Built 1 zonelists, mobility grouping on.  Total pages: 257913
[    0.000000] Policy zone: DMA32
[    0.000000] Kernel command line: BOOT_IMAGE=/boot/vmlinuz-4.15.0-144-generic root=LABEL=cloudimg-rootfs ro console=tty1 console=ttyS0
[    0.000000] Memory: 982720K/1048120K available (12300K kernel code, 2483K rwdata, 4316K rodata, 2448K init, 2724K bss, 65400K reserved, 0K cma-reserved)
[    0.000000] SLUB: HWalign=64, Order=0-3, MinObjects=0, CPUs=2, Nodes=1
[    0.000000] Kernel/User page tables isolation: enabled
[    0.000000] ftrace: allocating 39453 entries in 155 pages
[    0.004000] Hierarchical RCU implementation.
[    0.004000] 	RCU restricting CPUs from NR_CPUS=8192 to nr_cpu_ids=2.
[    0.004000] 	Tasks RCU enabled.
[    0.004000] RCU: Adjusting geometry for rcu_fanout_leaf=16, nr_cpu_ids=2
[    0.004000] NR_IRQS: 524544, nr_irqs: 440, preallocated irqs: 16
[    0.004000] Console: colour VGA+ 80x25
[    0.004000] console [tty1] enabled
[    0.004000] console [ttyS0] enabled
[    0.004000] ACPI: Core revision 20170831
[    0.004000] ACPI: 2 ACPI AML tables successfully acquired and loaded
[    0.004000] APIC: Switch to symmetric I/O mode setup
[    0.004000] ..TIMER: vector=0x30 apic1=0 pin1=2 apic2=-1 pin2=-1
[    0.004007] tsc: Detected 2194.918 MHz processor
[    0.008014] Calibrating delay loop (skipped) preset value.. 4389.83 BogoMIPS (lpj=8779672)
[    0.012005] pid_max: default: 32768 minimum: 301
[    0.016117] Security Framework initialized
[    0.020006] Yama: becoming mindful.
[    0.024141] AppArmor: AppArmor initialized
[    0.045108] Dentry cache hash table entries: 131072 (order: 8, 1048576 bytes)
[    0.051599] Inode-cache hash table entries: 65536 (order: 7, 524288 bytes)
[    0.052257] Mount-cache hash table entries: 2048 (order: 2, 16384 bytes)
[    0.056142] Mountpoint-cache hash table entries: 2048 (order: 2, 16384 bytes)
[    0.066540] Last level iTLB entries: 4KB 64, 2MB 8, 4MB 8
[    0.068007] Last level dTLB entries: 4KB 64, 2MB 0, 4MB 0, 1GB 4
[    0.072011] Spectre V1 : Mitigation: usercopy/swapgs barriers and __user pointer sanitization
[    0.076008] Spectre V2 : Mitigation: Full generic retpoline
[    0.080007] Spectre V2 : Spectre v2 / SpectreRSB mitigation: Filling RSB on context switch
[    0.084007] Speculative Store Bypass: Vulnerable
[    0.088080] MDS: Mitigation: Clear CPU buffers
[    0.092211] Freeing SMP alternatives memory: 36K
[    0.223107] APIC calibration not consistent with PM-Timer: 103ms instead of 100ms
[    0.224000] APIC delta adjusted to PM-Timer: 6423955 (6645431)
[    0.224684] smpboot: CPU0: Intel(R) Core(TM) i5-5200U CPU @ 2.20GHz (family: 0x6, model: 0x3d, stepping: 0x4)
[    0.228000] Performance Events: unsupported p6 CPU model 61 no PMU driver, software events only.
[    0.228000] Hierarchical SRCU implementation.
[    0.228000] NMI watchdog: Perf event create on CPU 0 failed with -2
[    0.228000] NMI watchdog: Perf NMI watchdog permanently disabled
[    0.228606] smp: Bringing up secondary CPUs ...
[    0.236564] x86: Booting SMP configuration:
[    0.240008] .... node  #0, CPUs:      #1
[    0.004000] kvm-clock: cpu 1, msr 0:3ff44041, secondary cpu clock
[    0.267046] TSC synchronization [CPU#0 -> CPU#1]:
[    0.268000] Measured 88174 cycles TSC warp between CPUs, turning off TSC clock.
[    0.268000] tsc: Marking TSC unstable due to check_tsc_sync_source failed
[    0.272534] smp: Brought up 1 node, 2 CPUs
[    0.276022] smpboot: Max logical packages: 1
[    0.280013] smpboot: Total of 2 processors activated (8779.67 BogoMIPS)
[    0.292882] devtmpfs: initialized
[    0.296228] x86/mm: Memory block size: 128MB
[    0.300842] evm: security.selinux
[    0.304012] evm: security.SMACK64
[    0.308007] evm: security.SMACK64EXEC
[    0.312010] evm: security.SMACK64TRANSMUTE
[    0.316011] evm: security.SMACK64MMAP
[    0.320013] evm: security.apparmor
[    0.324007] evm: security.ima
[    0.328005] evm: security.capability
[    0.332675] clocksource: jiffies: mask: 0xffffffff max_cycles: 0xffffffff, max_idle_ns: 7645041785100000 ns
[    0.336022] futex hash table entries: 512 (order: 3, 32768 bytes)
[    0.340324] pinctrl core: initialized pinctrl subsystem
[    0.348394] RTC time:  3:08:19, date: 06/09/21
[    0.357413] NET: Registered protocol family 16
[    0.360199] audit: initializing netlink subsys (disabled)
[    0.364344] audit: type=2000 audit(1623208107.146:1): state=initialized audit_enabled=0 res=1
[    0.384014] cpuidle: using governor ladder
[    0.388017] cpuidle: using governor menu
[    0.392064] ACPI: bus type PCI registered
[    0.396005] acpiphp: ACPI Hot Plug PCI Controller Driver version: 0.5
[    0.404110] PCI: Using configuration type 1 for base access
[    0.416392] HugeTLB registered 2.00 MiB page size, pre-allocated 0 pages
[    0.432175] ACPI: Added _OSI(Module Device)
[    0.436007] ACPI: Added _OSI(Processor Device)
[    0.440006] ACPI: Added _OSI(3.0 _SCP Extensions)
[    0.444006] ACPI: Added _OSI(Processor Aggregator Device)
[    0.448011] ACPI: Added _OSI(Linux-Dell-Video)
[    0.452006] ACPI: Added _OSI(Linux-Lenovo-NV-HDMI-Audio)
[    0.456007] ACPI: Added _OSI(Linux-HPI-Hybrid-Graphics)
[    0.461449] ACPI: Executed 1 blocks of module-level executable AML code
[    0.475036] ACPI: Interpreter enabled
[    0.476022] ACPI: (supports S0 S5)
[    0.480006] ACPI: Using IOAPIC for interrupt routing
[    0.484682] PCI: Using host bridge windows from ACPI; if necessary, use "pci=nocrs" and report a bug
[    0.488426] ACPI: Enabled 2 GPEs in block 00 to 07
[    0.512798] ACPI: PCI Root Bridge [PCI0] (domain 0000 [bus 00-ff])
[    0.516014] acpi PNP0A03:00: _OSC: OS supports [ASPM ClockPM Segments MSI]
[    0.521379] acpi PNP0A03:00: _OSC: not requesting OS control; OS requires [ExtendedConfig ASPM ClockPM MSI]
[    0.524033] acpi PNP0A03:00: fail to add MMCONFIG information, can't access extended PCI configuration space under this bridge.
[    0.529328] PCI host bridge to bus 0000:00
[    0.532009] pci_bus 0000:00: root bus resource [io  0x0000-0x0cf7 window]
[    0.536008] pci_bus 0000:00: root bus resource [io  0x0d00-0xffff window]
[    0.540011] pci_bus 0000:00: root bus resource [mem 0x000a0000-0x000bffff window]
[    0.544020] pci_bus 0000:00: root bus resource [mem 0x40000000-0xfdffffff window]
[    0.548016] pci_bus 0000:00: root bus resource [bus 00-ff]
[    0.565474] pci 0000:00:01.1: legacy IDE quirk: reg 0x10: [io  0x01f0-0x01f7]
[    0.568009] pci 0000:00:01.1: legacy IDE quirk: reg 0x14: [io  0x03f6]
[    0.572013] pci 0000:00:01.1: legacy IDE quirk: reg 0x18: [io  0x0170-0x0177]
[    0.576014] pci 0000:00:01.1: legacy IDE quirk: reg 0x1c: [io  0x0376]
[    0.664191] pci 0000:00:07.0: quirk: [io  0x4000-0x403f] claimed by PIIX4 ACPI
[    0.668070] pci 0000:00:07.0: quirk: [io  0x4100-0x410f] claimed by PIIX4 SMB
[    0.692256] ACPI: PCI Interrupt Link [LNKA] (IRQs 5 9 10 *11)
[    0.700220] ACPI: PCI Interrupt Link [LNKB] (IRQs 5 9 *10 11)
[    0.704372] ACPI: PCI Interrupt Link [LNKC] (IRQs 5 *9 10 11)
[    0.712142] ACPI: PCI Interrupt Link [LNKD] (IRQs 5 9 10 *11)
[    0.721121] SCSI subsystem initialized
[    0.728544] pci 0000:00:02.0: vgaarb: setting as boot VGA device
[    0.732000] pci 0000:00:02.0: vgaarb: VGA device added: decodes=io+mem,owns=io+mem,locks=none
[    0.732010] pci 0000:00:02.0: vgaarb: bridge control possible
[    0.736007] vgaarb: loaded
[    0.740126] ACPI: bus type USB registered
[    0.744133] usbcore: registered new interface driver usbfs
[    0.748035] usbcore: registered new interface driver hub
[    0.752038] usbcore: registered new device driver usb
[    0.760610] EDAC MC: Ver: 3.0.0
[    0.768946] PCI: Using ACPI for IRQ routing
[    0.776700] NetLabel: Initializing
[    0.780007] NetLabel:  domain hash size = 128
[    0.784006] NetLabel:  protocols = UNLABELED CIPSOv4 CALIPSO
[    0.788042] NetLabel:  unlabeled traffic allowed by default
[    0.796609] clocksource: Switched to clocksource kvm-clock
[    0.809919] VFS: Disk quotas dquot_6.6.0
[    0.809919] VFS: Dquot-cache hash table entries: 512 (order 0, 4096 bytes)
[    0.809919] AppArmor: AppArmor Filesystem Enabled
[    0.809919] pnp: PnP ACPI init
[    0.809919] pnp: PnP ACPI: found 3 devices
[    1.008091] clocksource: acpi_pm: mask: 0xffffff max_cycles: 0xffffff, max_idle_ns: 2085701024 ns
[    1.008247] NET: Registered protocol family 2
[    1.028517] TCP established hash table entries: 8192 (order: 4, 65536 bytes)
[    1.039843] TCP bind hash table entries: 8192 (order: 5, 131072 bytes)
[    1.050431] TCP: Hash tables configured (established 8192 bind 8192)
[    1.060739] UDP hash table entries: 512 (order: 2, 16384 bytes)
[    1.063678] UDP-Lite hash table entries: 512 (order: 2, 16384 bytes)
[    1.063678] NET: Registered protocol family 1
[    1.063678] pci 0000:00:00.0: Limiting direct PCI/PCI transfers
[    1.098433] pci 0000:00:01.0: Activating ISA DMA hang workarounds
[    1.102223] pci 0000:00:02.0: Video device with shadowed ROM at [mem 0x000c0000-0x000dffff]
[    1.102223] Unpacking initramfs...
[    2.001617] Freeing initrd memory: 19516K
[    2.001617] clocksource: tsc: mask: 0xffffffffffffffff max_cycles: 0x1fa37202099, max_idle_ns: 440795206796 ns
[    2.001617] platform rtc_cmos: registered platform RTC device (no PNP device found)
[    2.038157] Scanning for low memory corruption every 60 seconds
[    2.048737] Initialise system trusted keyrings
[    2.052081] Key type blacklist registered
[    2.062289] workingset: timestamp_bits=36 max_order=18 bucket_order=0
[    2.065633] zbud: loaded
[    2.081408] squashfs: version 4.0 (2009/01/31) Phillip Lougher
[    2.092571] fuse init (API version 7.26)
[    2.131813] Key type asymmetric registered
[    2.138493] Asymmetric key parser 'x509' registered
[    2.146183] Block layer SCSI generic (bsg) driver version 0.4 loaded (major 246)
[    2.158687] io scheduler noop registered
[    2.165466] io scheduler deadline registered
[    2.172266] io scheduler cfq registered (default)
[    2.181144] ACPI: AC Adapter [AC] (on-line)
[    2.187671] input: Power Button as /devices/LNXSYSTM:00/LNXPWRBN:00/input/input0
[    2.199519] ACPI: Power Button [PWRF]
[    2.206450] input: Sleep Button as /devices/LNXSYSTM:00/LNXSLPBN:00/input/input1
[    2.217741] ACPI: Sleep Button [SLPF]
[    2.228338] ACPI: Battery Slot [BAT0] (battery present)
[    2.229171] Serial: 8250/16550 driver, 32 ports, IRQ sharing enabled
[    2.289320] 00:02: ttyS0 at I/O 0x3f8 (irq = 4, base_baud = 115200) is a 16550A
[    2.303822] Linux agpgart interface v0.103
[    2.315480] loop: module loaded
[    2.325910] scsi host0: ata_piix
[    2.333685] scsi host1: ata_piix
[    2.339691] ata1: PATA max UDMA/33 cmd 0x1f0 ctl 0x3f6 bmdma 0xd000 irq 14
[    2.350216] ata2: PATA max UDMA/33 cmd 0x170 ctl 0x376 bmdma 0xd008 irq 15
[    2.361204] libphy: Fixed MDIO Bus: probed
[    2.369220] tun: Universal TUN/TAP device driver, 1.6
[    2.378094] PPP generic driver version 2.4.2
[    2.385082] ehci_hcd: USB 2.0 'Enhanced' Host Controller (EHCI) Driver
[    2.395244] ehci-pci: EHCI PCI platform driver
[    2.402710] ehci-platform: EHCI generic platform driver
[    2.411167] ohci_hcd: USB 1.1 'Open' Host Controller (OHCI) Driver
[    2.421607] ohci-pci: OHCI PCI platform driver
[    2.429017] ohci-platform: OHCI generic platform driver
[    2.437402] uhci_hcd: USB Universal Host Controller Interface driver
[    2.447471] i8042: PNP: PS/2 Controller [PNP0303:PS2K,PNP0f03:PS2M] at 0x60,0x64 irq 1,12
[    2.465402] serio: i8042 KBD port at 0x60,0x64 irq 1
[    2.473556] serio: i8042 AUX port at 0x60,0x64 irq 12
[    2.482180] mousedev: PS/2 mouse device common for all mice
[    2.494551] input: AT Translated Set 2 keyboard as /devices/platform/i8042/serio0/input/input2
[    2.511868] rtc_cmos rtc_cmos: rtc core: registered rtc_cmos as rtc0
[    2.524801] rtc_cmos rtc_cmos: alarms up to one day, 114 bytes nvram
[    2.536181] i2c /dev entries driver
[    2.543851] device-mapper: uevent: version 1.0.3
[    2.552543] device-mapper: ioctl: 4.37.0-ioctl (2017-09-20) initialised: dm-devel@redhat.com
[    2.568928] ledtrig-cpu: registered to indicate activity on CPUs
[    2.613384] NET: Registered protocol family 10
[    2.635886] Segment Routing with IPv6
[    2.642638] NET: Registered protocol family 17
[    2.651835] Key type dns_resolver registered
[    2.660030] mce: Using 0 MCE banks
[    2.666550] RAS: Correctable Errors collector initialized.
[    2.675954] sched_clock: Marking stable (2675868910, 0)->(4548202414, -1872333504)
[    2.696883] registered taskstats version 1
[    2.704949] Loading compiled-in X.509 certificates
[    2.725606] Loaded X.509 cert 'Build time autogenerated kernel key: 1e5516648b223d94d04ce7d99e6048c9b3ebcb77'
[    2.741734] Loaded X.509 cert 'Canonical Ltd. Live Patch Signing: 14df34d1a87cf37625abec039ef2bf521249b969'
[    2.756787] Loaded X.509 cert 'Canonical Ltd. Kernel Module Signing: 88f752e560a1e0737e31163a466ad7b70a850c19'
[    2.771456] zswap: loaded using pool lzo/zbud
[    2.798966] Key type big_key registered
[    2.806021] Key type trusted registered
[    2.820853] Key type encrypted registered
[    2.827728] AppArmor: AppArmor sha1 policy hashing enabled
[    2.836647] ima: No TPM chip found, activating TPM-bypass! (rc=-19)
[    2.846486] ima: Allocated hash algorithm: sha1
[    2.854406] evm: HMAC attrs: 0x1
[    2.861250]   Magic number: 9:56:108
[    2.868531] rtc_cmos rtc_cmos: setting system clock to 2021-06-09 03:08:22 UTC (1623208102)
[    2.882140] BIOS EDD facility v0.16 2004-Jun-25, 0 devices found
[    2.892426] EDD information not available.
[    2.904699] Freeing unused kernel image memory: 2448K
[    2.928393] Write protecting the kernel read-only data: 20480k
[    2.939928] Freeing unused kernel image memory: 2008K
[    2.949382] Freeing unused kernel image memory: 1828K
[    2.965209] x86/mm: Checked W+X mappings: passed, no W+X pages found.
[    2.975286] x86/mm: Checking user space page tables
[    2.991654] x86/mm: Checked W+X mappings: passed, no W+X pages found.
Loading, please wait...
starting version 237
[    3.221455] Fusion MPT base driver 3.04.20
[    3.229866] Copyright (c) 1999-2008 LSI Corporation
[    3.240100] e1000: Intel(R) PRO/1000 Network Driver - version 7.3.21-k8-NAPI
[    3.253150] e1000: Copyright (c) 1999-2006 Intel Corporation.
[    3.315935] Fusion MPT SPI Host driver 3.04.20
[    3.552822] input: ImExPS/2 Generic Explorer Mouse as /devices/platform/i8042/serio1/input/input4
[    4.235588] e1000 0000:00:03.0 eth0: (PCI:33MHz:32-bit) 02:08:1c:2f:d1:e8
[    4.248127] e1000 0000:00:03.0 eth0: Intel(R) PRO/1000 Network Connection
[    4.269925] mptbase: ioc0: Initiating bringup
[    4.269969] e1000 0000:00:03.0 enp0s3: renamed from eth0
[    4.407955] ioc0: LSI53C1030 A0: Capabilities={Initiator}
[    4.687541] scsi host2: ioc0: LSI53C1030 A0, FwRev=00000000h, Ports=1, MaxQ=256, IRQ=20
[    4.876026] scsi 2:0:0:0: Direct-Access     VBOX     HARDDISK         1.0  PQ: 0 ANSI: 5
[    5.170564] scsi target2:0:0: Beginning Domain Validation
[    5.212821] scsi target2:0:0: Domain Validation skipping write tests
[    5.225914] scsi target2:0:0: Ending Domain Validation
[    5.234367] scsi target2:0:0: asynchronous
[    5.241157] random: fast init done
[    5.249351] scsi 2:0:1:0: Direct-Access     VBOX     HARDDISK         1.0  PQ: 0 ANSI: 5
[    5.430543] scsi target2:0:1: Beginning Domain Validation
[    5.452230] scsi target2:0:1: Domain Validation skipping write tests
[    5.462960] scsi target2:0:1: Ending Domain Validation
[    5.472141] scsi target2:0:1: asynchronous
[    5.501364] random: systemd-udevd: uninitialized urandom read (16 bytes read)
[    5.516619] sd 2:0:0:0: [sda] 83886080 512-byte logical blocks: (42.9 GB/40.0 GiB)
[    5.527682] sd 2:0:0:0: Attached scsi generic sg0 type 0
[    5.535459] random: systemd-udevd: uninitialized urandom read (16 bytes read)
[    5.545664] random: systemd-udevd: uninitialized urandom read (16 bytes read)
[    5.555724] sd 2:0:0:0: [sda] Write Protect is off
[    5.565470] sd 2:0:0:0: [sda] Incomplete mode parameter data
[    5.566555] sd 2:0:1:0: Attached scsi generic sg1 type 0
[    5.575626] sd 2:0:0:0: [sda] Assuming drive cache: write through
[    5.595002] sd 2:0:1:0: [sdb] 20480 512-byte logical blocks: (10.5 MB/10.0 MiB)
[    5.612262] sd 2:0:1:0: [sdb] Write Protect is off
[    5.627241] sd 2:0:1:0: [sdb] Incomplete mode parameter data
[    5.634909]  sda: sda1
[    5.639215] sd 2:0:1:0: [sdb] Assuming drive cache: write through
[    5.663320] sd 2:0:0:0: [sda] Attached SCSI disk
[    5.699897] sd 2:0:1:0: [sdb] Attached SCSI disk
Begin: Loading essential drivers ... [    8.768759] raid6: sse2x1   gen()  7425 MB/s
[    8.820460] raid6: sse2x1   xor()  4940 MB/s
[    8.872195] raid6: sse2x2   gen()  9218 MB/s
[    8.924703] raid6: sse2x2   xor()  6141 MB/s
[    8.976647] raid6: sse2x4   gen() 10643 MB/s
[    9.028425] raid6: sse2x4   xor()  6152 MB/s
[    9.036612] raid6: using algorithm sse2x4 gen() 10643 MB/s
[    9.045910] raid6: .... xor() 6152 MB/s, rmw enabled
[    9.055468] raid6: using ssse3x2 recovery algorithm
[    9.073026] xor: measuring software checksum speed
[ 5631.070489] INFO: rcu_sched self-detected stall on CPU
[ 5631.072621] INFO: rcu_sched detected stalls on CPUs/tasks:
[ 5631.314810] 	1-...!: (5 ticks this GP) idle=c4a/140000000000001/0 softirq=1144/1148 fqs=2 
[ 5631.337235] 	 (t=305988 jiffies g=-93 c=-94 q=39)
[ 5631.337270] 	1-...!: (5 ticks this GP) idle=c4a/140000000000001/0 softirq=1144/1148 fqs=2 
[ 5631.346178] rcu_sched kthread starved for 305981 jiffies! g18446744073709551523 c18446744073709551522 f0x0 RCU_GP_WAIT_FQS(3) ->state=0x402 ->cpu=0
[ 5631.360101] 	(detected by 0, t=305988 jiffies, g=-93, c=-94, q=39)
[ 5631.382703] rcu_sched       I    0     8      2 0x80000000
[ 5631.392275] Sending NMI from CPU 0 to CPUs 1:
[ 5631.403693] Call Trace:
[ 5631.412304] NMI backtrace for cpu 1
[ 5631.412305] CPU: 1 PID: 262 Comm: modprobe Not tainted 4.15.0-144-generic #148-Ubuntu
[ 5631.412306] Hardware name: innotek GmbH VirtualBox/VirtualBox, BIOS VirtualBox 12/01/2006
[ 5631.412306] RIP: 0010:io_serial_in+0x18/0x20
[ 5631.412307] RSP: 0018:ffff8de23fd03ad0 EFLAGS: 00010002
[ 5631.412307] RAX: ffffffff8d217f60 RBX: ffffffff8e70fe60 RCX: 0000000000000000
[ 5631.412308] RDX: 00000000000003fd RSI: 0000000000000005 RDI: ffffffff8e70fe60
[ 5631.412308] RBP: ffff8de23fd03ad0 R08: 0000000000000000 R09: 0000000000000007
[ 5631.412309] R10: 0000000000000000 R11: ffffffff8e56380d R12: 0000000000002710
[ 5631.412309] R13: 0000000000000020 R14: ffffffff8e563801 R15: ffffffff8e70fe60
[ 5631.412309] FS:  00007f12c5d93540(0000) GS:ffff8de23fd00000(0000) knlGS:0000000000000000
[ 5631.412310] CS:  0010 DS: 0000 ES: 0000 CR0: 0000000080050033
[ 5631.412310] CR2: 00007f13d2f845a0 CR3: 0000000036434002 CR4: 00000000000206e0
[ 5631.412310] Call Trace:
[ 5631.412311]  <IRQ>
[ 5631.412311]  wait_for_xmitr+0x47/0xb0
[ 5631.412311]  serial8250_console_putchar+0x1c/0x40
[ 5631.412312]  ? wait_for_xmitr+0xb0/0xb0
[ 5631.412312]  uart_console_write+0x4c/0x60
[ 5631.412312]  serial8250_console_write+0x10a/0x2b0
[ 5631.412312]  ? msg_print_text+0x80/0x100
[ 5631.412313]  univ8250_console_write+0x21/0x30
[ 5631.412313]  console_unlock+0x3cf/0x560
[ 5631.412313]  vprintk_emit+0x134/0x2c0
[ 5631.412314]  vprintk_default+0x29/0x50
[ 5631.412314]  vprintk_func+0x47/0xc0
[ 5631.412314]  printk+0x52/0x6e
[ 5631.412314]  show_trace_log_lvl+0x8c/0x3d0
[ 5631.412315]  ? vprintk_default+0x29/0x50
[ 5631.412315]  ? vprintk_func+0x47/0xc0
[ 5631.412315]  show_stack+0x34/0x50
[ 5631.412316]  sched_show_task+0xfe/0x130
[ 5631.412316]  rcu_check_gp_kthread_starvation+0xad/0xc0
[ 5631.412316]  rcu_check_callbacks+0x6c5/0x8e0
[ 5631.412317]  ? tick_sched_do_timer+0x50/0x50
[ 5631.412317]  update_process_times+0x2f/0x60
[ 5631.412317]  tick_sched_handle+0x26/0x70
[ 5631.412317]  ? tick_sched_do_timer+0x42/0x50
[ 5631.412318]  tick_sched_timer+0x39/0x80
[ 5631.412318]  __hrtimer_run_queues+0xdf/0x230
[ 5631.412318]  hrtimer_interrupt+0xa0/0x1d0
[ 5631.412319]  smp_apic_timer_interrupt+0x6f/0x140
[ 5631.412319]  apic_timer_interrupt+0x90/0xa0
[ 5631.412319]  </IRQ>
[ 5631.412319] RIP: 0010:xor_sse_2_pf64+0xce/0x1a0 [xor]
[ 5631.412320] RSP: 0018:ffffac7940367bf0 EFLAGS: 00010202 ORIG_RAX: ffffffffffffff11
[ 5631.412321] RAX: 0000000080000000 RBX: 0000000000000010 RCX: ffff8de2366415c0
[ 5631.412321] RDX: ffff8de236423500 RSI: ffff8de236420500 RDI: 000000000000000b
[ 5631.412321] RBP: ffffac7940367c08 R08: ffffffffc03e9680 R09: 0000000000000000
[ 5631.412322] R10: 0000000000000001 R11: ffffffff8d132050 R12: ffff8de236420000
[ 5631.412322] R13: ffff8de236423000 R14: 0000000000000004 R15: 00000000fffee3eb
[ 5631.412322]  ? vga_set_palette+0x180/0x180
[ 5631.412323]  ? xor_sse_3_pf64+0x260/0x260 [xor]
[ 5631.412323]  do_xor_speed+0x7d/0xc9 [xor]
[ 5631.412323]  calibrate_xor_blocks+0xc3/0xf37 [xor]
[ 5631.412324]  ? do_xor_speed+0xc9/0xc9 [xor]
[ 5631.412324]  do_one_initcall+0x52/0x1a0
[ 5631.412324]  ? _cond_resched+0x19/0x40
[ 5631.412324]  ? kmem_cache_alloc_trace+0x9f/0x1d0
[ 5631.412325]  ? do_init_module+0x27/0x211
[ 5631.412325]  do_init_module+0x5f/0x211
[ 5631.412325]  load_module+0x1772/0x2000
[ 5631.412326]  ? ima_post_read_file+0x96/0xa0
[ 5631.412326]  SYSC_finit_module+0xfc/0x120
[ 5631.412326]  ? SYSC_finit_module+0xfc/0x120
[ 5631.412326]  SyS_finit_module+0xe/0x10
[ 5631.412327]  do_syscall_64+0x73/0x130
[ 5631.412327]  entry_SYSCALL_64_after_hwframe+0x41/0xa6
[ 5631.412327] RIP: 0033:0x7f12c5896639
[ 5631.412328] RSP: 002b:00007fff332ff238 EFLAGS: 00000246 ORIG_RAX: 0000000000000139
[ 5631.412328] RAX: ffffffffffffffda RBX: 000055d2c7493700 RCX: 00007f12c5896639
[ 5631.412329] RDX: 0000000000000000 RSI: 000055d2c603dcee RDI: 0000000000000005
[ 5631.412329] RBP: 000055d2c603dcee R08: 0000000000000000 R09: 000055d2c7492e00
[ 5631.412329] R10: 0000000000000005 R11: 0000000000000246 R12: 0000000000000000
[ 5631.412330] R13: 000055d2c749a690 R14: 0000000000060000 R15: 000055d2c7492e00
[ 5631.412330] Code: 48 89 e5 d3 e6 48 63 f6 48 03 77 10 8b 06 5d c3 0f 1f 00 0f 1f 44 00 00 0f b6 8f a1 00 00 00 8b 57 08 55 48 89 e5 d3 e6 01 f2 ec <0f> b6 c0 5d c3 0f 1f 00 0f 1f 44 00 00 0f b6 8f a1 00 00 00 89 
[ 5631.412343] rcu_sched kthread starved for 305981 jiffies! g18446744073709551523 c18446744073709551522 f0x0 RCU_GP_WAIT_FQS(3) ->state=0x402 ->cpu=0
[ 5631.417096]  __schedule+0x24e/0x890
[ 5631.423653] rcu_sched       I    0     8      2 0x80000000
[ 5631.437446]  schedule+0x2c/0x80
[ 5631.449797] Call Trace:
[ 5631.458036]  schedule_timeout+0x15d/0x370
[ 5631.465721]  __schedule+0x24e/0x890
[ 5631.479887]  ? __next_timer_interrupt+0xe0/0xe0
[ 5631.479893]  rcu_gp_kthread+0x53a/0x980
[ 5631.491510]  schedule+0x2c/0x80
[ 5631.503667]  kthread+0x121/0x140
[ 5631.514811]  schedule_timeout+0x15d/0x370
[ 5631.527293]  ? rcu_note_context_switch+0x150/0x150
[ 5631.541460]  ? __next_timer_interrupt+0xe0/0xe0
[ 5631.551556]  ? kthread_create_worker_on_cpu+0x70/0x70
[ 5631.563499]  rcu_gp_kthread+0x53a/0x980
[ 5631.569084]  ret_from_fork+0x35/0x40
[ 5631.572732]  kthread+0x121/0x140
[ 5631.580010] NMI backtrace for cpu 1
[ 5631.588237]  ? rcu_note_context_switch+0x150/0x150
[ 5631.596420] CPU: 1 PID: 262 Comm: modprobe Not tainted 4.15.0-144-generic #148-Ubuntu
[ 5631.603518]  ? kthread_create_worker_on_cpu+0x70/0x70
[ 5631.611825] Hardware name: innotek GmbH VirtualBox/VirtualBox, BIOS VirtualBox 12/01/2006
[ 5631.617806]  ret_from_fork+0x35/0x40
[ 5631.625937] Call Trace:
[ 5632.407661]  <IRQ>
[ 5632.412271]  dump_stack+0x6d/0x8b
[ 5632.418537]  nmi_cpu_backtrace+0x94/0xa0
[ 5632.426337]  ? lapic_can_unplug_cpu+0xb0/0xb0
[ 5632.437123]  nmi_trigger_cpumask_backtrace+0xe7/0x130
[ 5632.447624]  arch_trigger_cpumask_backtrace+0x19/0x20
[ 5632.458461]  rcu_dump_cpu_stacks+0xa3/0xd5
[ 5632.465555]  rcu_check_callbacks+0x6cd/0x8e0
[ 5632.473211]  ? tick_sched_do_timer+0x50/0x50
[ 5632.480557]  update_process_times+0x2f/0x60
[ 5632.487522]  tick_sched_handle+0x26/0x70
[ 5632.494501]  ? tick_sched_do_timer+0x42/0x50
[ 5632.502190]  tick_sched_timer+0x39/0x80
[ 5632.509504]  __hrtimer_run_queues+0xdf/0x230
[ 5632.517055]  hrtimer_interrupt+0xa0/0x1d0
[ 5632.522777]  smp_apic_timer_interrupt+0x6f/0x140
[ 5632.529172]  apic_timer_interrupt+0x90/0xa0
[ 5632.535200]  </IRQ>
[ 5632.538438] RIP: 0010:xor_sse_2_pf64+0xce/0x1a0 [xor]
[ 5632.545435] RSP: 0018:ffffac7940367bf0 EFLAGS: 00010202 ORIG_RAX: ffffffffffffff11
[ 5632.555898] RAX: 0000000080000000 RBX: 0000000000000010 RCX: ffff8de2366415c0
[ 5632.565622] RDX: ffff8de236423500 RSI: ffff8de236420500 RDI: 000000000000000b
[ 5632.575377] RBP: ffffac7940367c08 R08: ffffffffc03e9680 R09: 0000000000000000
[ 5632.584881] R10: 0000000000000001 R11: ffffffff8d132050 R12: ffff8de236420000
[ 5632.595059] R13: ffff8de236423000 R14: 0000000000000004 R15: 00000000fffee3eb
[ 5632.605293]  ? vga_set_palette+0x180/0x180
[ 5632.611523]  ? xor_sse_3_pf64+0x260/0x260 [xor]
[ 5632.618842]  do_xor_speed+0x7d/0xc9 [xor]
[ 5632.626353]  calibrate_xor_blocks+0xc3/0xf37 [xor]
[ 5632.633746]  ? do_xor_speed+0xc9/0xc9 [xor]
[ 5632.639930]  do_one_initcall+0x52/0x1a0
[ 5632.645822]  ? _cond_resched+0x19/0x40
[ 5632.651311]  ? kmem_cache_alloc_trace+0x9f/0x1d0
[ 5632.657855]  ? do_init_module+0x27/0x211
[ 5632.664599]  do_init_module+0x5f/0x211
[ 5632.670204]  load_module+0x1772/0x2000
[ 5632.675750]  ? ima_post_read_file+0x96/0xa0
[ 5632.681817]  SYSC_finit_module+0xfc/0x120
[ 5632.687785]  ? SYSC_finit_module+0xfc/0x120
[ 5632.693890]  SyS_finit_module+0xe/0x10
[ 5632.699397]  do_syscall_64+0x73/0x130
[ 5632.705681]  entry_SYSCALL_64_after_hwframe+0x41/0xa6
[ 5632.714882] RIP: 0033:0x7f12c5896639
[ 5632.721942] RSP: 002b:00007fff332ff238 EFLAGS: 00000246 ORIG_RAX: 0000000000000139
[ 5632.736299] RAX: ffffffffffffffda RBX: 000055d2c7493700 RCX: 00007f12c5896639
[ 5632.748013] RDX: 0000000000000000 RSI: 000055d2c603dcee RDI: 0000000000000005
[ 5632.757696] RBP: 000055d2c603dcee R08: 0000000000000000 R09: 000055d2c7492e00
[ 5632.767489] R10: 0000000000000005 R11: 0000000000000246 R12: 0000000000000000
[ 5632.778749] R13: 000055d2c749a690 R14: 0000000000060000 R15: 000055d2c7492e00
[ 5632.792014] INFO: rcu_sched self-detected stall on CPU
[ 5632.792433] INFO: rcu_sched detected stalls on CPUs/tasks:
[ 5632.802664] 	1-...!: (6 ticks this GP) idle=c4a/140000000000001/0 softirq=1144/1148 fqs=2 
[ 5632.826658] 	 (t=1405931 jiffies g=-93 c=-94 q=39)
[ 5632.826697] 	1-...!: (6 ticks this GP) idle=c4a/140000000000001/0 softirq=1144/1148 fqs=2 
[ 5632.833536] rcu_sched kthread starved for 1405924 jiffies! g18446744073709551523 c18446744073709551522 f0x2 RCU_GP_WAIT_FQS(3) ->state=0x0 ->cpu=0
[ 5632.846275] 	(detected by 0, t=1405931 jiffies, g=-93, c=-94, q=39)
[ 5632.865631] rcu_sched       R  running task        0     8      2 0x80000000
[ 5632.875541] Sending NMI from CPU 0 to CPUs 1:
[ 5632.887134] Call Trace:
[ 5632.895995] NMI backtrace for cpu 1
[ 5632.895997] CPU: 1 PID: 262 Comm: modprobe Not tainted 4.15.0-144-generic #148-Ubuntu
[ 5632.895998] Hardware name: innotek GmbH VirtualBox/VirtualBox, BIOS VirtualBox 12/01/2006
[ 5632.895998] RIP: 0010:io_serial_out+0x1a/0x20
[ 5632.895999] RSP: 0018:ffff8de23fd03af8 EFLAGS: 00010002
[ 5632.896000] RAX: 000000000000005b RBX: ffffffff8e70fe60 RCX: 0000000000000000
[ 5632.896001] RDX: 00000000000003f8 RSI: 0000000000000000 RDI: ffffffff8e70fe60
[ 5632.896002] RBP: ffff8de23fd03af8 R08: 0000000000000000 R09: 0000000000000007
[ 5632.896005] R10: 0000000000000000 R11: ffffffff8e56380d R12: 000000000000005b
[ 5632.896006] R13: ffffffff8e56381b R14: ffffffff8e563801 R15: ffffffff8e70fe60
[ 5632.896007] FS:  00007f12c5d93540(0000) GS:ffff8de23fd00000(0000) knlGS:0000000000000000
[ 5632.896007] CS:  0010 DS: 0000 ES: 0000 CR0: 0000000080050033
[ 5632.896008] CR2: 00007f13d2f845a0 CR3: 0000000036434002 CR4: 00000000000206e0
[ 5632.896008] Call Trace:
[ 5632.896009]  <IRQ>
[ 5632.896009]  serial8250_console_putchar+0x2d/0x40
[ 5632.896010]  ? wait_for_xmitr+0xb0/0xb0
[ 5632.896010]  uart_console_write+0x4c/0x60
[ 5632.896011]  serial8250_console_write+0x10a/0x2b0
[ 5632.896012]  ? msg_print_text+0x80/0x100
[ 5632.896012]  univ8250_console_write+0x21/0x30
[ 5632.896013]  console_unlock+0x3cf/0x560
[ 5632.896013]  vprintk_emit+0x134/0x2c0
[ 5632.896014]  vprintk_default+0x29/0x50
[ 5632.896015]  vprintk_func+0x47/0xc0
[ 5632.896015]  printk+0x52/0x6e
[ 5632.896016]  show_trace_log_lvl+0x8c/0x3d0
[ 5632.896016]  ? vprintk_default+0x29/0x50
[ 5632.896017]  ? vprintk_func+0x47/0xc0
[ 5632.896017]  show_stack+0x34/0x50
[ 5632.896018]  sched_show_task+0xfe/0x130
[ 5632.896018]  rcu_check_gp_kthread_starvation+0xad/0xc0
[ 5632.896019]  rcu_check_callbacks+0x6c5/0x8e0
[ 5632.896019]  ? tick_sched_do_timer+0x50/0x50
[ 5632.896020]  update_process_times+0x2f/0x60
[ 5632.896020]  tick_sched_handle+0x26/0x70
[ 5632.896021]  ? tick_sched_do_timer+0x42/0x50
[ 5632.896021]  tick_sched_timer+0x39/0x80
[ 5632.896022]  __hrtimer_run_queues+0xdf/0x230
[ 5632.896023]  hrtimer_interrupt+0xa0/0x1d0
[ 5632.896023]  smp_apic_timer_interrupt+0x6f/0x140
[ 5632.896024]  apic_timer_interrupt+0x90/0xa0
[ 5632.896024]  </IRQ>
[ 5632.896024] RIP: 0010:xor_sse_2_pf64+0xce/0x1a0 [xor]
[ 5632.896025] RSP: 0018:ffffac7940367bf0 EFLAGS: 00010202 ORIG_RAX: ffffffffffffff11
[ 5632.896026] RAX: 0000000080000000 RBX: 0000000000000010 RCX: ffff8de2366415c0
[ 5632.896027] RDX: ffff8de236423500 RSI: ffff8de236420500 RDI: 000000000000000b
[ 5632.896028] RBP: ffffac7940367c08 R08: ffffffffc03e9680 R09: 0000000000000000
[ 5632.896029] R10: 0000000000000001 R11: ffffffff8d132050 R12: ffff8de236420000
[ 5632.896029] R13: ffff8de236423000 R14: 0000000000000004 R15: 00000000fffee3eb
[ 5632.896030]  ? vga_set_palette+0x180/0x180
[ 5632.896030]  ? xor_sse_3_pf64+0x260/0x260 [xor]
[ 5632.896031]  do_xor_speed+0x7d/0xc9 [xor]
[ 5632.896031]  calibrate_xor_blocks+0xc3/0xf37 [xor]
[ 5632.896032]  ? do_xor_speed+0xc9/0xc9 [xor]
[ 5632.896032]  do_one_initcall+0x52/0x1a0
[ 5632.896033]  ? _cond_resched+0x19/0x40
[ 5632.896033]  ? kmem_cache_alloc_trace+0x9f/0x1d0
[ 5632.896034]  ? do_init_module+0x27/0x211
[ 5632.896035]  do_init_module+0x5f/0x211
[ 5632.896035]  load_module+0x1772/0x2000
[ 5632.896036]  ? ima_post_read_file+0x96/0xa0
[ 5632.896036]  SYSC_finit_module+0xfc/0x120
[ 5632.896037]  ? SYSC_finit_module+0xfc/0x120
[ 5632.896037]  SyS_finit_module+0xe/0x10
[ 5632.896038]  do_syscall_64+0x73/0x130
[ 5632.896039]  entry_SYSCALL_64_after_hwframe+0x41/0xa6
[ 5632.896039] RIP: 0033:0x7f12c5896639
[ 5632.896040] RSP: 002b:00007fff332ff238 EFLAGS: 00000246 ORIG_RAX: 0000000000000139
[ 5632.896041] RAX: ffffffffffffffda RBX: 000055d2c7493700 RCX: 00007f12c5896639
[ 5632.896045] RDX: 0000000000000000 RSI: 000055d2c603dcee RDI: 0000000000000005
[ 5632.896045] RBP: 000055d2c603dcee R08: 0000000000000000 R09: 000055d2c7492e00
[ 5632.896046] R10: 0000000000000005 R11: 0000000000000246 R12: 0000000000000000
[ 5632.896047] R13: 000055d2c749a690 R14: 0000000000060000 R15: 000055d2c7492e00
[ 5632.896047] Code: 55 48 89 e5 d3 e6 01 f2 ec 0f b6 c0 5d c3 0f 1f 00 0f 1f 44 00 00 0f b6 8f a1 00 00 00 89 d0 8b 57 08 55 48 89 e5 d3 e6 01 f2 ee <5d> c3 0f 1f 40 00 0f 1f 44 00 00 0f b6 87 a2 00 00 00 55 48 c7 
[ 5632.896069] rcu_sched kthread starved for 1405924 jiffies! g18446744073709551523 c18446744073709551522 f0x2 RCU_GP_WAIT_FQS(3) ->state=0x0 ->cpu=0
[ 5632.900436]  __schedule+0x24e/0x890
[ 5632.906995] rcu_sched       R  running task        0     8      2 0x80000000
[ 5632.921650]  schedule+0x2c/0x80
[ 5632.934759] Call Trace:
[ 5632.942873]  schedule_timeout+0x15d/0x370
[ 5632.951246]  __schedule+0x24e/0x890
[ 5632.964014]  ? __next_timer_interrupt+0xe0/0xe0
[ 5632.975273]  schedule+0x2c/0x80
[ 5632.986760]  rcu_gp_kthread+0x53a/0x980
[ 5632.999226]  schedule_timeout+0x15d/0x370
[ 5633.012270]  kthread+0x121/0x140
[ 5633.028145]  ? __next_timer_interrupt+0xe0/0xe0
[ 5633.039606]  ? rcu_note_context_switch+0x150/0x150
[ 5633.039613]  ? kthread_create_worker_on_cpu+0x70/0x70
[ 5633.051229]  rcu_gp_kthread+0x53a/0x980
[ 5633.055940]  ret_from_fork+0x35/0x40
[ 5633.060562]  kthread+0x121/0x140
[ 5633.071686] NMI backtrace for cpu 1
[ 5633.078739]  ? rcu_note_context_switch+0x150/0x150
[ 5633.086856] CPU: 1 PID: 262 Comm: modprobe Not tainted 4.15.0-144-generic #148-Ubuntu
[ 5633.094916]  ? kthread_create_worker_on_cpu+0x70/0x70
[ 5633.101570] Hardware name: innotek GmbH VirtualBox/VirtualBox, BIOS VirtualBox 12/01/2006
[ 5633.109455]  ret_from_fork+0x35/0x40
[ 5633.123566] Call Trace:
[ 5633.123570]  <IRQ>
[ 5633.123578]  dump_stack+0x6d/0x8b
[ 5633.123581]  nmi_cpu_backtrace+0x94/0xa0
[ 5633.123586]  ? lapic_can_unplug_cpu+0xb0/0xb0
[ 5633.123588]  nmi_trigger_cpumask_backtrace+0xe7/0x130
[ 5633.123591]  arch_trigger_cpumask_backtrace+0x19/0x20
[ 5633.123594]  rcu_dump_cpu_stacks+0xa3/0xd5
[ 5633.123598]  rcu_check_callbacks+0x6cd/0x8e0
[ 5633.123604]  ? tick_sched_do_timer+0x50/0x50
[ 5633.123607]  update_process_times+0x2f/0x60
[ 5633.123610]  tick_sched_handle+0x26/0x70
[ 5633.123612]  ? tick_sched_do_timer+0x42/0x50
[ 5633.123614]  tick_sched_timer+0x39/0x80
[ 5633.123616]  __hrtimer_run_queues+0xdf/0x230
[ 5633.123618]  hrtimer_interrupt+0xa0/0x1d0
[ 5633.123622]  smp_apic_timer_interrupt+0x6f/0x140
[ 5633.123624]  apic_timer_interrupt+0x90/0xa0
[ 5633.123626]  </IRQ>
[ 5633.123632] RIP: 0010:xor_sse_2_pf64+0xce/0x1a0 [xor]
[ 5633.123633] RSP: 0018:ffffac7940367bf0 EFLAGS: 00010202 ORIG_RAX: ffffffffffffff11
[ 5633.123635] RAX: 0000000080000000 RBX: 0000000000000010 RCX: ffff8de2366415c0
[ 5633.123636] RDX: ffff8de236423500 RSI: ffff8de236420500 RDI: 000000000000000b
[ 5633.123637] RBP: ffffac7940367c08 R08: ffffffffc03e9680 R09: 0000000000000000
[ 5633.123638] R10: 0000000000000001 R11: ffffffff8d132050 R12: ffff8de236420000
[ 5633.123639] R13: ffff8de236423000 R14: 0000000000000004 R15: 00000000fffee3eb
[ 5633.123643]  ? vga_set_palette+0x180/0x180
[ 5633.123646]  ? xor_sse_3_pf64+0x260/0x260 [xor]
[ 5633.123650]  do_xor_speed+0x7d/0xc9 [xor]
[ 5633.123653]  calibrate_xor_blocks+0xc3/0xf37 [xor]
[ 5633.123655]  ? do_xor_speed+0xc9/0xc9 [xor]
[ 5633.123658]  do_one_initcall+0x52/0x1a0
[ 5633.123661]  ? _cond_resched+0x19/0x40
[ 5633.123667]  ? kmem_cache_alloc_trace+0x9f/0x1d0
[ 5633.123669]  ? do_init_module+0x27/0x211
[ 5633.123671]  do_init_module+0x5f/0x211
[ 5633.123675]  load_module+0x1772/0x2000
[ 5633.123678]  ? ima_post_read_file+0x96/0xa0
[ 5633.123682]  SYSC_finit_module+0xfc/0x120
[ 5633.123684]  ? SYSC_finit_module+0xfc/0x120
[ 5633.123688]  SyS_finit_module+0xe/0x10
[ 5633.123690]  do_syscall_64+0x73/0x130
[ 5633.123692]  entry_SYSCALL_64_after_hwframe+0x41/0xa6
[ 5633.123694] RIP: 0033:0x7f12c5896639
[ 5633.123696] RSP: 002b:00007fff332ff238 EFLAGS: 00000246 ORIG_RAX: 0000000000000139
[ 5633.123698] RAX: ffffffffffffffda RBX: 000055d2c7493700 RCX: 00007f12c5896639
[ 5633.123699] RDX: 0000000000000000 RSI: 000055d2c603dcee RDI: 0000000000000005
[ 5633.123700] RBP: 000055d2c603dcee R08: 0000000000000000 R09: 000055d2c7492e00
[ 5633.123701] R10: 0000000000000005 R11: 0000000000000246 R12: 0000000000000000
[ 5633.123702] R13: 000055d2c749a690 R14: 0000000000060000 R15: 000055d2c7492e00
[ 5634.449300]    prefetch64-sse: -359736.-832 MB/sec
[ 5634.567309]    generic_sse: 26288.000 MB/sec
[ 5634.575424] xor: using function: generic_sse (26288.000 MB/sec)
[ 5634.874757] async_tx: api initialized (async)
done.
Begin: Running /scripts/init-premount ... done.
Begin: Mounting root file system ... Begin: Running /scripts/local-top ... done.
Begin: Running /scripts/local-premount ... [ 5635.030441] Btrfs loaded, crc32c=crc32c-intel
Scanning for Btrfs filesystems
done.
Warning: fsck not present, so skipping root file system
[ 5638.020758] EXT4-fs (sda1): INFO: recovery required on readonly filesystem
[ 5638.031564] EXT4-fs (sda1): write access will be enabled during recovery
[ 5639.811038] random: crng init done
[ 5639.818156] random: 7 urandom warning(s) missed due to ratelimiting
[ 5651.440926] EXT4-fs (sda1): recovery complete
[ 5651.450523] EXT4-fs (sda1): mounted filesystem with ordered data mode. Opts: (null)
done.
Begin: Running /scripts/local-bottom ... done.
Begin: Running /scripts/init-bottom ... done.
[ 5662.082831] ip_tables: (C) 2000-2006 Netfilter Core Team
[ 5662.804480] systemd[1]: systemd 237 running in system mode. (+PAM +AUDIT +SELINUX +IMA +APPARMOR +SMACK +SYSVINIT +UTMP +LIBCRYPTSETUP +GCRYPT +GNUTLS +ACL +XZ +LZ4 +SECCOMP +BLKID +ELFUTILS +KMOD -IDN2 +IDN -PCRE2 default-hierarchy=hybrid)
[ 5662.839645] systemd[1]: Detected virtualization oracle.
[ 5662.851349] systemd[1]: Detected architecture x86-64.

Welcome to [1mUbuntu 18.04.5 LTS[0m!

[ 5663.092235] systemd[1]: Set hostname to <ubuntu-bionic>.
[ 5673.617767] systemd[1]: Set up automount Arbitrary Executable File Formats File System Automount Point.
[[0;32m  OK  [0m] Set up automount Arbitrary Executabâ€¦rmats File System Automount Point.
[ 5673.640126] systemd[1]: Reached target System Time Synchronized.
[[0;32m  OK  [0m] Reached target System Time Synchronized.
[ 5673.660846] systemd[1]: Started Forward Password Requests to Wall Directory Watch.
[[0;32m  OK  [0m] Started Forward Password Requests to Wall Directory Watch.
[ 5673.731406] systemd[1]: Created slice System Slice.
[[0;32m  OK  [0m] Created slice System Slice.
[ 5673.753280] systemd[1]: Listening on Journal Socket.
[[0;32m  OK  [0m] Listening on Journal Socket.
[ 5673.775326] systemd[1]: Listening on Device-mapper event daemon FIFOs.
[[0;32m  OK  [0m] Listening on Device-mapper event daemon FIFOs.
[ 5673.801008] systemd[1]: Listening on Journal Socket (/dev/log).
[[0;32m  OK  [0m] Listening on Journal Socket (/dev/log).
[ 5673.819658] systemd[1]: Listening on LVM2 poll daemon socket.
[[0;32m  OK  [0m] Listening on LVM2 poll daemon socket.
[ 5673.838633] systemd[1]: Listening on Journal Audit Socket.
[[0;32m  OK  [0m] Listening on Journal Audit Socket.
[ 5673.913586] systemd[1]: Starting Load Kernel Modules...
         Starting Load Kernel Modules...
[[0;32m  OK  [0m] Created slice system-serial\x2dgetty.slice.
         Mounting Kernel Debug File System...
[[0;32m  OK  [0m] Listening on Syslog Socket.
[[0;32m  OK  [0m] Reached target User and Group Name Lookups.
         Starting Uncomplicated firewall...
[[0;32m  OK  [0m] Listening on Network Service Netlink Socket.
         Starting Create list of required stâ€¦ce nodes for the current kernel...
[[0;32m  OK  [0m] Reached target Swap.
[[0;32m  OK  [0m[ 5674.064573] Loading iSCSI transport class v2.0-870.
] Created slice User and Session Slice.
[[0;32m  OK  [0m] Reached target Slices.
[[0;32m  OK  [0m] Listening on LVM2 metadata daemon socket.
         Starting Monitoring of LVM2 mirrorsâ€¦ng dmeventd or progress polling...
         Starting Journal Service...
[[0;32m  OK  [0m] Listening on udev Control Socket.
         Starting Set the console keyboard layout...
[[0;32m  OK  [0m] Listening on /dev/initctl Compatibility Named Pipe.
[[0;32m  OK  [0m] Listening on fsck to fsckd communication Socket.
         Starting File System Check on Root Device...
[[0;32m  OK  [0m] Listening on udev Kernel Socket.
         Starting udev Coldplug all Devices...
         Mounting Huge Pages File System...
         Mounting POSIX Message Queue File System...
[[0;32m  OK  [0m] Mounted Kernel Debug File System.
[[0;32m  OK  [0m] Started Uncomplicated firewall.
[[0;32m  OK  [0m] Started Create list of required staâ€¦vice nodes for the current kernel.
[[0;32m  OK  [0m] Mounted Huge Pages File System.
[[0;32m  OK  [0m] Mounted POSIX Message Queue File System.
         Starting Create Static Device Nodes in /dev...
[[0;32m  OK  [0m] Started udev Coldplug all Devices.
[[0;32m  OK  [0m] Started File System Check Daemon to report status.
[ 5674.695140] iscsi: registered transport (tcp)
[[0;32m  OK  [0m] Started Journal Service.
[[0;32m  OK  [0m] Started Set the console keyboard layout.
[[0;32m  OK  [0m] Started File System Check on Root Device.
         Starting Remount Root and Kernel File Systems...
[ 5676.385963] iscsi: registered transport (iser)
[[0;32m  OK  [0m] Started Load Kernel Modules.
         Mounting FUSE Control File System...
         Starting Apply Kernel Variables...
         Mounting Kernel Configuration File System...
[[0;32m  OK  [0m] Mounted FUSE Control File System.
[[0;32m  OK  [0m] Mounted Kernel Configuration File System.
[ 5676.876760] EXT4-fs (sda1): re-mounted. Opts: (null)
[[0;32m  OK  [0m] Started Remount Root and Kernel File Systems.
         Starting Flush Journal to Persistent Storage...
         Starting Load/Save Random Seed...
[[0;32m  OK  [0m] Started Create Static Device Nodes in /dev.
         Starting udev Kernel Device Manager...
[[0;32m  OK  [0m] Started LVM2 metadata daemon.
[[0;32m  OK  [0m] Started Apply Kernel Variables.
[[0;32m  OK  [0m] Started Load/Save Random Seed.
[[0;32m  OK  [0m] Started Monitoring of LVM2 mirrors,â€¦sing dmeventd or progress polling.
[[0;32m  OK  [0m] Reached target Local File Systems (Pre).
[[0;32m  OK  [0m] Reached target Local File Systems.
         Starting AppArmor initialization...
         Starting Set console font and keymap...
         Starting Tell Plymouth To Write Out Runtime Data...
         Starting ebtables ruleset management...
[[0;32m  OK  [0m] Started Set console font and keymap.
[[0;32m  OK  [0m] Started Flush Journal to Persistent Storage.
         Starting Create Volatile Files and Directories...
[[0;32m  OK  [0m] Started Tell Plymouth To Write Out Runtime Data.
[[0;32m  OK  [0m] Started Create Volatile Files and Directories.
         Starting Update UTMP about System Boot/Shutdown...
[[0;32m  OK  [0m] Started udev Kernel Device Manager.
[[0;32m  OK  [0m] Started Dispatch Password Requests to Console Directory Watch.
[[0;32m  OK  [0m] Reached target Local Encrypted Volumes.
[[0;32m  OK  [0m] Started ebtables ruleset management.
[[0;32m  OK  [0m] Started Update UTMP about System Boot/Shutdown.
[[0;32m  OK  [0m] Found device /dev/ttyS0.
[[0;32m  OK  [0m] Listening on Load/Save RF Kill Switch Status /dev/rfkill Watch.
[[0;32m  OK  [0m] Started AppArmor initialization.
         Starting Initial cloud-init job (pre-networking)...
         Starting Load AppArmor profiles managed internally by snapd...
[[0;32m  OK  [0m] Started Load AppArmor profiles managed internally by snapd.
[ 5704.705955] cloud-init[556]: Cloud-init v. 21.1-19-gbad84ad4-0ubuntu1~18.04.2 running 'init-local' at Wed, 09 Jun 2021 04:43:23 +0000. Up 5703.63 seconds.
[[0;32m  OK  [0m] Started Initial cloud-init job (pre-networking).
[[0;32m  OK  [0m] Reached target Network (Pre).
         Starting Network Service...
[[0;32m  OK  [0m] Started Network Service.
         Starting Wait for Network to be Configured...
         Starting Network Name Resolution...
[[0;32m  OK  [0m] Started Network Name Resolution.
[[0;32m  OK  [0m] Reached target Host and Network Name Lookups.
[[0;32m  OK  [0m] Reached target Network.
[[0;32m  OK  [0m] Started Wait for Network to be Configured.
         Starting Initial cloud-init job (metadata service crawler)...
[ 5708.351089] cloud-init[682]: Cloud-init v. 21.1-19-gbad84ad4-0ubuntu1~18.04.2 running 'init' at Wed, 09 Jun 2021 04:43:27 +0000. Up 5708.02 seconds.
[ 5708.361164] cloud-init[682]: ci-info: +++++++++++++++++++++++++++++++++++++Net device info++++++++++++++++++++++++++++++++++++++
[ 5708.369410] cloud-init[682]: ci-info: +--------+------+---------------------------+---------------+--------+-------------------+
[ 5708.379101] cloud-init[682]: ci-info: | Device |  Up  |          Address          |      Mask     | Scope  |     Hw-Address    |
[ 5708.391302] cloud-init[682]: ci-info: +--------+------+---------------------------+---------------+--------+-------------------+
[ 5708.400149] cloud-init[682]: ci-info: | enp0s3 | True |         10.0.2.15         | 255.255.255.0 | global | 02:08:1c:2f:d1:e8 |
[ 5708.410376] cloud-init[682]: ci-info: | enp0s3 | True | fe80::8:1cff:fe2f:d1e8/64 |       .       |  link  | 02:08:1c:2f:d1:e8 |
[ 5708.421213] cloud-init[682]: ci-info: |   lo   | True |         127.0.0.1         |   255.0.0.0   |  host  |         .         |
[ 5708.436649] cloud-init[682]: ci-info: |   lo   | True |          ::1/128          |       .       |  host  |         .         |
[ 5708.451644] cloud-init[682]: ci-info: +--------+------+---------------------------+---------------+--------+-------------------+
[ 5708.466642] cloud-init[682]: ci-info: ++++++++++++++++++++++++++++Route IPv4 info+++++++++++++++++++++++++++++
[ 5708.480241] cloud-init[682]: ci-info: +-------+-------------+----------+-----------------+-----------+-------+
[ 5708.495186] cloud-init[682]: ci-info: | Route | Destination | Gateway  |     Genmask     | Interface | Flags |
[ 5708.509841] cloud-init[682]: ci-info: +-------+-------------+----------+-----------------+-----------+-------+
[ 5708.523432] cloud-init[682]: ci-info: |   0   |   0.0.0.0   | 10.0.2.2 |     0.0.0.0     |   enp0s3  |   UG  |
[ 5708.535426] cloud-init[682]: ci-info: |   1   |   10.0.2.0  | 0.0.0.0  |  255.255.255.0  |   enp0s3  |   U   |
[ 5708.548276] cloud-init[682]: ci-info: |   2   |   10.0.2.2  | 0.0.0.0  | 255.255.255.255 |   enp0s3  |   UH  |
[ 5708.560930] cloud-init[682]: ci-info: +-------+-------------+----------+-----------------+-----------+-------+
[ 5708.571326] cloud-init[682]: ci-info: +++++++++++++++++++Route IPv6 info+++++++++++++++++++
[ 5708.581098] cloud-init[682]: ci-info: +-------+-------------+---------+-----------+-------+
[ 5708.593277] cloud-init[682]: ci-info: | Route | Destination | Gateway | Interface | Flags |
[ 5708.603964] cloud-init[682]: ci-info: +-------+-------------+---------+-----------+-------+
[ 5708.615312] cloud-init[682]: ci-info: |   1   |  fe80::/64  |    ::   |   enp0s3  |   U   |
[ 5708.625818] cloud-init[682]: ci-info: |   3   |    local    |    ::   |   enp0s3  |   U   |
[ 5708.634963] cloud-init[682]: ci-info: |   4   |   ff00::/8  |    ::   |   enp0s3  |   U   |
[ 5708.646936] cloud-init[682]: ci-info: +-------+-------------+---------+-----------+-------+
[[0;32m  OK  [0m] Started Initial cloud-init job (metadata service crawler).
[[0;32m  OK  [0m] Reached target Network is Online.
         Starting Availability of block devices...
[[0;32m  OK  [0m] Reached target Remote File Systems (Pre).
         Mounting /vagrant...
[[0;32m  OK  [0m] Reached target Cloud-config availability.
[[0;32m  OK  [0m] Reached target System Initialization.
[[0;32m  OK  [0m] Started ACPI Events Check.
         Starting LXD - unix socket.
[[0;32m  OK  [0m] Started Discard unused blocks once a week.
[[0;32m  OK  [0m] Listening on Open-iSCSI iscsid Socket.
[[0;32m  OK  [0m] Listening on UUID daemon activation socket.
[[0;32m  OK  [0m] Started Message of the Day.
[[0;32m  OK  [0m] Listening on ACPID Listen Socket.
[[0;32m  OK  [0m] Reached target Paths.
[[0;32m  OK  [0m] Listening on D-Bus System Message Bus Socket.
[[0;32m  OK  [0m] Started Daily apt download activities.
[[0;32m  OK  [0m] Started Daily apt upgrade and clean activities.
         Starting Socket activation for snappy daemon.
[[0;32m  OK  [0m] Started Ubuntu Advantage update messaging.
[[0;32m  OK  [0m] Started Daily Cleanup of Temporary Directories.
[[0;32m  OK  [0m] Reached target Timers.
[[0;32m  OK  [0m] Started Availability of block devices.
[[0;32m  OK  [0m] Mounted /vagrant.
[[0;32m  OK  [0m] Listening on LXD - unix socket.
[[0;32m  OK  [0m] Listening on Socket activation for snappy daemon.
         Starting Cleanup of Temporary Directories...
[[0;32m  OK  [0m] Reached target Sockets.
[[0;32m  OK  [0m] Reached target Basic System.
         Starting Virtualbox guest utils...
         Starting LSB: Record successful boot for GRUB...
         Starting Dispatcher daemon for systemd-networkd...
[[0;32m  OK  [0m] Started irqbalance daemon.
         Starting LXD - container startup/shutdown...
[[0;32m  OK  [0m] Started FUSE filesystem for LXC.
         Starting Message of the Day...
[[0;32m  OK  [0m] Started Regular background program processing daemon.
         Starting Login Service...
         Starting OpenBSD Secure Shell server...
         Starting Snap Daemon...
         Starting Accounts Service...
[[0;32m  OK  [0m] Started D-Bus System Message Bus.
         Starting Ubuntu Advantage APT and MOTD Messages...
         Starting System Logging Service...
[[0;32m  OK  [0m] Started Deferred execution scheduler.
[[0;32m  OK  [0m] Reached target Remote File Systems.
         Starting Permit User Sessions...
         Starting LSB: automatic crash report generation...
[[0;32m  OK  [0m] Started Cleanup of Temporary Directories.
[[0;32m  OK  [0m] Started Login Service.
[[0;32m  OK  [0m] Started Unattended Upgrades Shutdown.
[[0;32m  OK  [0m] Started Permit User Sessions.
         Starting Hold until boot process finishes up...
         Starting Terminate Plymouth Boot Screen...
[[0;32m  OK  [0m] Started Hold until boot process finishes up.
[[0;32m  OK  [0m] Started Serial Getty on ttyS0.
         Starting Set console scheme...
[[0;32m  OK  [0m] Started Terminate Plymouth Boot Screen.
         Starting Authorization Manager...
[[0;32m  OK  [0m] Started Set console scheme.
[[0;32m  OK  [0m] Created slice system-getty.slice.
[[0;32m  OK  [0m] Started Getty on tty1.
[[0;32m  OK  [0m] Reached target Login Prompts.
[[0;32m  OK  [0m] Started LSB: automatic crash report generation.
[[0;32m  OK  [0m] Started LSB: Record successful boot for GRUB.
[[0;32m  OK  [0m] Started Dispatcher daemon for systemd-networkd.
[[0;32m  OK  [0m] Started System Logging Service.
[[0;32m  OK  [0m] Started Authorization Manager.
[[0;32m  OK  [0m] Started Accounts Service.

Ubuntu 18.04.5 LTS ubuntu-bionic ttyS0

ubuntu-bionic login: [ 5733.968391] cloud-init[1256]: Cloud-init v. 21.1-19-gbad84ad4-0ubuntu1~18.04.2 running 'modules:config' at Wed, 09 Jun 2021 05:04:17 +0000. Up 5732.42 seconds.
[ 5736.281476] cloud-init[1299]: Cloud-init v. 21.1-19-gbad84ad4-0ubuntu1~18.04.2 running 'modules:final' at Wed, 09 Jun 2021 05:04:19 +0000. Up 5734.68 seconds.
[ 5736.302680] cloud-init[1299]: Cloud-init v. 21.1-19-gbad84ad4-0ubuntu1~18.04.2 finished at Wed, 09 Jun 2021 05:04:21 +0000. Datasource DataSourceNoCloud [seed=/dev/sdb][dsmode=net].  Up 5736.26 seconds
